07:40:48 **** Incremental Build of configuration Debug for project z7010_axi_uart ****
make pre-build main-build 
a9-linaro-pre-build-step
' '
make: Nothing to be done for `main-build'.
07:46:07 **** Incremental Build of configuration Debug for project z7010_axi_uart ****
make pre-build main-build 
a9-linaro-pre-build-step
' '
'Building file: ../src/main.c'
'Invoking: ARM v7 gcc compiler'
arm-none-eabi-gcc -Wall -O0 -g3 -I../../z7010_axi_uart_bsp/ps7_cortexa9_0/include -I"D:\FPGA\AXI_UartLite\AXI_UartLite.sdk\z7010_axi_uart\ACZ7015_Lib\AXI_UARTLite" -I"D:\FPGA\AXI_UartLite\AXI_UartLite.sdk\z7010_axi_uart\ACZ7015_Lib\SCU" -I"D:\FPGA\AXI_UartLite\AXI_UartLite.sdk\z7010_axi_uart\src" -c -fmessage-length=0 -MT"src/main.o" -mcpu=cortex-a9 -mfpu=vfpv3 -mfloat-abi=hard -MMD -MP -MF"src/main.d" -MT"src/main.o" -o "src/main.o" "../src/main.c"
'Finished building: ../src/main.c'
' '
'Building target: z7010_axi_uart.elf'
'Invoking: ARM v7 gcc linker'
arm-none-eabi-gcc -mcpu=cortex-a9 -mfpu=vfpv3 -mfloat-abi=hard -Wl,-build-id=none -specs=Xilinx.spec -Wl,-T -Wl,../src/lscript.ld -L../../z7010_axi_uart_bsp/ps7_cortexa9_0/lib -o "z7010_axi_uart.elf"  ./src/COMMON.o ./src/ISR.o ./src/main.o  ./ACZ7015_Lib/SCU/SCU_GIC.o ./ACZ7015_Lib/SCU/SCU_TIMER.o  ./ACZ7015_Lib/AXI_UARTLite/AXI_UARTLite.o   -Wl,--start-group,-lxil,-lgcc,-lc,--end-group
'Finished building target: z7010_axi_uart.elf'
' '
'Invoking: ARM v7 Print Size'
arm-none-eabi-size z7010_axi_uart.elf  |tee "z7010_axi_uart.elf.size"
   text	   data	    bss	    dec	    hex	filename
  27220	   2748	  22712	  52680	   cdc8	z7010_axi_uart.elf
'Finished building: z7010_axi_uart.elf.size'
' '
